[2024-02-07T16:57:19.928+0000][gc,init] CardTable entry size: 512
[2024-02-07T16:57:19.928+0000][gc     ] Using G1
[2024-02-07T16:57:19.940+0000][gc,init] Version: 21.0.1+12-LTS (release)
[2024-02-07T16:57:19.940+0000][gc,init] CPUs: 2 total, 2 available
[2024-02-07T16:57:19.940+0000][gc,init] Memory: 7929M
[2024-02-07T16:57:19.940+0000][gc,init] Large Page Support: Disabled
[2024-02-07T16:57:19.940+0000][gc,init] NUMA Support: Disabled
[2024-02-07T16:57:19.940+0000][gc,init] Compressed Oops: Enabled (32-bit)
[2024-02-07T16:57:19.940+0000][gc,init] Heap Region Size: 1M
[2024-02-07T16:57:19.940+0000][gc,init] Heap Min Capacity: 1G
[2024-02-07T16:57:19.940+0000][gc,init] Heap Initial Capacity: 1G
[2024-02-07T16:57:19.940+0000][gc,init] Heap Max Capacity: 1G
[2024-02-07T16:57:19.940+0000][gc,init] Pre-touch: Disabled
[2024-02-07T16:57:19.940+0000][gc,init] Parallel Workers: 2
[2024-02-07T16:57:19.940+0000][gc,init] Concurrent Workers: 1
[2024-02-07T16:57:19.940+0000][gc,init] Concurrent Refinement Workers: 2
[2024-02-07T16:57:19.940+0000][gc,init] Periodic GC: Disabled
[2024-02-07T16:57:19.947+0000][gc,metaspace] CDS archive(s) mapped at: [0x00007f7063000000-0x00007f7063ca8000-0x00007f7063ca8000), size 13271040, SharedBaseAddress: 0x00007f7063000000, ArchiveRelocationMode: 1.
[2024-02-07T16:57:19.947+0000][gc,metaspace] Compressed class space mapped at: 0x00007f7064000000-0x00007f70a4000000, reserved size: 1073741824
[2024-02-07T16:57:19.947+0000][gc,metaspace] Narrow klass base: 0x00007f7063000000, Narrow klass shift: 0, Narrow klass range: 0x100000000
[2024-02-07T16:57:21.459+0000][gc,start    ] GC(0) Pause Young (Normal) (GCLocker Initiated GC)
[2024-02-07T16:57:21.460+0000][gc,task     ] GC(0) Using 2 workers of 2 for evacuation
[2024-02-07T16:57:21.475+0000][gc,phases   ] GC(0)   Pre Evacuate Collection Set: 0.2ms
[2024-02-07T16:57:21.475+0000][gc,phases   ] GC(0)   Merge Heap Roots: 0.1ms
[2024-02-07T16:57:21.475+0000][gc,phases   ] GC(0)   Evacuate Collection Set: 14.7ms
[2024-02-07T16:57:21.476+0000][gc,phases   ] GC(0)   Post Evacuate Collection Set: 0.5ms
[2024-02-07T16:57:21.476+0000][gc,phases   ] GC(0)   Other: 0.3ms
[2024-02-07T16:57:21.476+0000][gc,heap     ] GC(0) Eden regions: 51->0(44)
[2024-02-07T16:57:21.476+0000][gc,heap     ] GC(0) Survivor regions: 0->7(7)
[2024-02-07T16:57:21.476+0000][gc,heap     ] GC(0) Old regions: 2->2
[2024-02-07T16:57:21.476+0000][gc,heap     ] GC(0) Humongous regions: 0->0
[2024-02-07T16:57:21.476+0000][gc,metaspace] GC(0) Metaspace: 19874K(20160K)->19874K(20160K) NonClass: 17321K(17472K)->17321K(17472K) Class: 2553K(2688K)->2553K(2688K)
[2024-02-07T16:57:21.476+0000][gc          ] GC(0) Pause Young (Normal) (GCLocker Initiated GC) 52M->8M(1024M) 16.642ms
[2024-02-07T16:57:21.476+0000][gc,cpu      ] GC(0) User=0.01s Sys=0.00s Real=0.01s
[2024-02-07T16:57:21.676+0000][gc,start    ] GC(1) Pause Young (Concurrent Start) (Metadata GC Threshold)
[2024-02-07T16:57:21.676+0000][gc,task     ] GC(1) Using 2 workers of 2 for evacuation
[2024-02-07T16:57:21.692+0000][gc,phases   ] GC(1)   Pre Evacuate Collection Set: 0.2ms
[2024-02-07T16:57:21.692+0000][gc,phases   ] GC(1)   Merge Heap Roots: 0.0ms
[2024-02-07T16:57:21.692+0000][gc,phases   ] GC(1)   Evacuate Collection Set: 15.7ms
[2024-02-07T16:57:21.692+0000][gc,phases   ] GC(1)   Post Evacuate Collection Set: 0.3ms
[2024-02-07T16:57:21.692+0000][gc,phases   ] GC(1)   Other: 0.1ms
[2024-02-07T16:57:21.692+0000][gc,heap     ] GC(1) Eden regions: 7->0(49)
[2024-02-07T16:57:21.692+0000][gc,heap     ] GC(1) Survivor regions: 7->2(7)
[2024-02-07T16:57:21.692+0000][gc,heap     ] GC(1) Old regions: 2->10
[2024-02-07T16:57:21.692+0000][gc,heap     ] GC(1) Humongous regions: 129->129
[2024-02-07T16:57:21.692+0000][gc,metaspace] GC(1) Metaspace: 21234K(21504K)->21234K(21504K) NonClass: 18492K(18624K)->18492K(18624K) Class: 2742K(2880K)->2742K(2880K)
[2024-02-07T16:57:21.692+0000][gc          ] GC(1) Pause Young (Concurrent Start) (Metadata GC Threshold) 143M->138M(1024M) 16.622ms
[2024-02-07T16:57:21.692+0000][gc,cpu      ] GC(1) User=0.01s Sys=0.01s Real=0.02s
[2024-02-07T16:57:21.692+0000][gc          ] GC(2) Concurrent Mark Cycle
[2024-02-07T16:57:21.693+0000][gc,marking  ] GC(2) Concurrent Scan Root Regions
[2024-02-07T16:57:21.696+0000][gc,marking  ] GC(2) Concurrent Scan Root Regions 3.672ms
[2024-02-07T16:57:21.697+0000][gc,marking  ] GC(2) Concurrent Mark
[2024-02-07T16:57:21.697+0000][gc,marking  ] GC(2) Concurrent Mark From Roots
[2024-02-07T16:57:21.697+0000][gc,task     ] GC(2) Using 1 workers of 1 for marking
[2024-02-07T16:57:21.699+0000][gc,marking  ] GC(2) Concurrent Mark From Roots 2.399ms
[2024-02-07T16:57:21.699+0000][gc,marking  ] GC(2) Concurrent Preclean
[2024-02-07T16:57:21.699+0000][gc,marking  ] GC(2) Concurrent Preclean 0.029ms
[2024-02-07T16:57:21.701+0000][gc,start    ] GC(2) Pause Remark
[2024-02-07T16:57:21.704+0000][gc          ] GC(2) Pause Remark 138M->138M(1024M) 3.460ms
[2024-02-07T16:57:21.704+0000][gc,cpu      ] GC(2) User=0.01s Sys=0.00s Real=0.00s
[2024-02-07T16:57:21.704+0000][gc,marking  ] GC(2) Concurrent Mark 7.718ms
[2024-02-07T16:57:21.704+0000][gc,marking  ] GC(2) Concurrent Rebuild Remembered Sets and Scrub Regions
[2024-02-07T16:57:21.708+0000][gc,marking  ] GC(2) Concurrent Rebuild Remembered Sets and Scrub Regions 3.259ms
[2024-02-07T16:57:21.713+0000][gc,start    ] GC(2) Pause Cleanup
[2024-02-07T16:57:21.713+0000][gc          ] GC(2) Pause Cleanup 139M->139M(1024M) 0.133ms
[2024-02-07T16:57:21.713+0000][gc,cpu      ] GC(2) User=0.00s Sys=0.00s Real=0.00s
[2024-02-07T16:57:21.717+0000][gc,marking  ] GC(2) Concurrent Clear Claimed Marks
[2024-02-07T16:57:21.717+0000][gc,marking  ] GC(2) Concurrent Clear Claimed Marks 0.055ms
[2024-02-07T16:57:21.717+0000][gc,marking  ] GC(2) Concurrent Cleanup for Next Mark
[2024-02-07T16:57:21.766+0000][gc,marking  ] GC(2) Concurrent Cleanup for Next Mark 48.541ms
[2024-02-07T16:57:21.766+0000][gc          ] GC(2) Concurrent Mark Cycle 73.425ms
[2024-02-07T16:57:32.889+0000][gc,start    ] GC(3) Pause Young (Prepare Mixed) (G1 Evacuation Pause)
[2024-02-07T16:57:32.889+0000][gc,task     ] GC(3) Using 2 workers of 2 for evacuation
[2024-02-07T16:57:32.897+0000][gc,phases   ] GC(3)   Pre Evacuate Collection Set: 0.1ms
[2024-02-07T16:57:32.897+0000][gc,phases   ] GC(3)   Merge Heap Roots: 0.1ms
[2024-02-07T16:57:32.897+0000][gc,phases   ] GC(3)   Evacuate Collection Set: 7.4ms
[2024-02-07T16:57:32.897+0000][gc,phases   ] GC(3)   Post Evacuate Collection Set: 0.3ms
[2024-02-07T16:57:32.897+0000][gc,phases   ] GC(3)   Other: 0.1ms
[2024-02-07T16:57:32.897+0000][gc,heap     ] GC(3) Eden regions: 49->0(45)
[2024-02-07T16:57:32.897+0000][gc,heap     ] GC(3) Survivor regions: 2->6(7)
[2024-02-07T16:57:32.898+0000][gc,heap     ] GC(3) Old regions: 10->10
[2024-02-07T16:57:32.898+0000][gc,heap     ] GC(3) Humongous regions: 129->129
[2024-02-07T16:57:32.898+0000][gc,metaspace] GC(3) Metaspace: 33543K(33856K)->33543K(33856K) NonClass: 29587K(29760K)->29587K(29760K) Class: 3956K(4096K)->3956K(4096K)
[2024-02-07T16:57:32.898+0000][gc          ] GC(3) Pause Young (Prepare Mixed) (G1 Evacuation Pause) 187M->142M(1024M) 8.276ms
[2024-02-07T16:57:32.898+0000][gc,cpu      ] GC(3) User=0.02s Sys=0.00s Real=0.01s
[2024-02-07T17:02:07.950+0000][gc,start    ] GC(4) Pause Young (Mixed) (Metadata GC Threshold)
[2024-02-07T17:02:07.953+0000][gc,task     ] GC(4) Using 2 workers of 2 for evacuation
[2024-02-07T17:02:07.983+0000][gc,mmu      ] GC(4) MMU target violated: 21.0ms (20.0ms/21.0ms)
[2024-02-07T17:02:07.983+0000][gc,phases   ] GC(4)   Pre Evacuate Collection Set: 0.2ms
[2024-02-07T17:02:07.983+0000][gc,phases   ] GC(4)   Merge Heap Roots: 0.1ms
[2024-02-07T17:02:07.983+0000][gc,phases   ] GC(4)   Evacuate Collection Set: 29.6ms
[2024-02-07T17:02:07.983+0000][gc,phases   ] GC(4)   Post Evacuate Collection Set: 0.6ms
[2024-02-07T17:02:07.984+0000][gc,phases   ] GC(4)   Other: 0.1ms
[2024-02-07T17:02:07.984+0000][gc,heap     ] GC(4) Eden regions: 13->0(50)
[2024-02-07T17:02:07.984+0000][gc,heap     ] GC(4) Survivor regions: 6->1(7)
[2024-02-07T17:02:07.984+0000][gc,heap     ] GC(4) Old regions: 10->14
[2024-02-07T17:02:07.984+0000][gc,heap     ] GC(4) Humongous regions: 129->129
[2024-02-07T17:02:07.984+0000][gc,metaspace] GC(4) Metaspace: 35580K(35968K)->35580K(35968K) NonClass: 31362K(31552K)->31362K(31552K) Class: 4217K(4416K)->4217K(4416K)
[2024-02-07T17:02:07.984+0000][gc          ] GC(4) Pause Young (Mixed) (Metadata GC Threshold) 155M->143M(1024M) 33.166ms
[2024-02-07T17:02:07.984+0000][gc,cpu      ] GC(4) User=0.01s Sys=0.00s Real=0.04s
[2024-02-07T17:02:08.075+0000][gc,start    ] GC(5) Pause Young (Concurrent Start) (Metadata GC Threshold)
[2024-02-07T17:02:08.075+0000][gc,task     ] GC(5) Using 2 workers of 2 for evacuation
[2024-02-07T17:02:08.079+0000][gc,phases   ] GC(5)   Pre Evacuate Collection Set: 0.2ms
[2024-02-07T17:02:08.079+0000][gc,phases   ] GC(5)   Merge Heap Roots: 0.0ms
[2024-02-07T17:02:08.079+0000][gc,phases   ] GC(5)   Evacuate Collection Set: 3.1ms
[2024-02-07T17:02:08.079+0000][gc,phases   ] GC(5)   Post Evacuate Collection Set: 0.4ms
[2024-02-07T17:02:08.079+0000][gc,phases   ] GC(5)   Other: 0.1ms
[2024-02-07T17:02:08.079+0000][gc,heap     ] GC(5) Eden regions: 2->0(50)
[2024-02-07T17:02:08.079+0000][gc,heap     ] GC(5) Survivor regions: 1->1(7)
[2024-02-07T17:02:08.079+0000][gc,heap     ] GC(5) Old regions: 14->14
[2024-02-07T17:02:08.079+0000][gc,heap     ] GC(5) Humongous regions: 129->129
[2024-02-07T17:02:08.079+0000][gc,metaspace] GC(5) Metaspace: 35875K(36288K)->35875K(36288K) NonClass: 31611K(31872K)->31611K(31872K) Class: 4263K(4416K)->4263K(4416K)
[2024-02-07T17:02:08.079+0000][gc          ] GC(5) Pause Young (Concurrent Start) (Metadata GC Threshold) 145M->142M(1024M) 4.191ms
[2024-02-07T17:02:08.079+0000][gc,cpu      ] GC(5) User=0.00s Sys=0.01s Real=0.01s
[2024-02-07T17:02:08.079+0000][gc          ] GC(6) Concurrent Mark Cycle
[2024-02-07T17:02:08.079+0000][gc,marking  ] GC(6) Concurrent Scan Root Regions
[2024-02-07T17:02:08.080+0000][gc,marking  ] GC(6) Concurrent Scan Root Regions 0.852ms
[2024-02-07T17:02:08.080+0000][gc,marking  ] GC(6) Concurrent Mark
[2024-02-07T17:02:08.080+0000][gc,marking  ] GC(6) Concurrent Mark From Roots
[2024-02-07T17:02:08.080+0000][gc,task     ] GC(6) Using 1 workers of 1 for marking
[2024-02-07T17:02:08.107+0000][gc,marking  ] GC(6) Concurrent Mark From Roots 26.382ms
[2024-02-07T17:02:08.107+0000][gc,marking  ] GC(6) Concurrent Preclean
[2024-02-07T17:02:08.107+0000][gc,marking  ] GC(6) Concurrent Preclean 0.074ms
[2024-02-07T17:02:08.107+0000][gc,start    ] GC(6) Pause Remark
[2024-02-07T17:02:08.117+0000][gc          ] GC(6) Pause Remark 143M->143M(1024M) 9.676ms
[2024-02-07T17:02:08.117+0000][gc,cpu      ] GC(6) User=0.01s Sys=0.00s Real=0.01s
[2024-02-07T17:02:08.117+0000][gc,marking  ] GC(6) Concurrent Mark 36.440ms
[2024-02-07T17:02:08.117+0000][gc,marking  ] GC(6) Concurrent Rebuild Remembered Sets and Scrub Regions
[2024-02-07T17:02:08.130+0000][gc,marking  ] GC(6) Concurrent Rebuild Remembered Sets and Scrub Regions 13.734ms
[2024-02-07T17:02:08.131+0000][gc,start    ] GC(6) Pause Cleanup
[2024-02-07T17:02:08.131+0000][gc          ] GC(6) Pause Cleanup 143M->143M(1024M) 0.151ms
[2024-02-07T17:02:08.131+0000][gc,cpu      ] GC(6) User=0.00s Sys=0.00s Real=0.00s
[2024-02-07T17:02:08.131+0000][gc,marking  ] GC(6) Concurrent Clear Claimed Marks
[2024-02-07T17:02:08.131+0000][gc,marking  ] GC(6) Concurrent Clear Claimed Marks 0.054ms
[2024-02-07T17:02:08.131+0000][gc,marking  ] GC(6) Concurrent Cleanup for Next Mark
[2024-02-07T17:02:08.135+0000][gc,marking  ] GC(6) Concurrent Cleanup for Next Mark 4.270ms
[2024-02-07T17:02:08.135+0000][gc          ] GC(6) Concurrent Mark Cycle 55.925ms
[2024-02-07T17:19:09.586+0000][gc,start    ] GC(7) Pause Young (Prepare Mixed) (G1 Evacuation Pause)
[2024-02-07T17:19:09.586+0000][gc,task     ] GC(7) Using 2 workers of 2 for evacuation
[2024-02-07T17:19:09.592+0000][gc,phases   ] GC(7)   Pre Evacuate Collection Set: 0.2ms
[2024-02-07T17:19:09.592+0000][gc,phases   ] GC(7)   Merge Heap Roots: 0.1ms
[2024-02-07T17:19:09.592+0000][gc,phases   ] GC(7)   Evacuate Collection Set: 5.9ms
[2024-02-07T17:19:09.592+0000][gc,phases   ] GC(7)   Post Evacuate Collection Set: 0.3ms
[2024-02-07T17:19:09.592+0000][gc,phases   ] GC(7)   Other: 0.1ms
[2024-02-07T17:19:09.592+0000][gc,heap     ] GC(7) Eden regions: 50->0(48)
[2024-02-07T17:19:09.592+0000][gc,heap     ] GC(7) Survivor regions: 1->3(7)
[2024-02-07T17:19:09.593+0000][gc,heap     ] GC(7) Old regions: 14->14
[2024-02-07T17:19:09.593+0000][gc,heap     ] GC(7) Humongous regions: 129->129
[2024-02-07T17:19:09.593+0000][gc,metaspace] GC(7) Metaspace: 37608K(38016K)->37608K(38016K) NonClass: 33287K(33536K)->33287K(33536K) Class: 4320K(4480K)->4320K(4480K)
[2024-02-07T17:19:09.593+0000][gc          ] GC(7) Pause Young (Prepare Mixed) (G1 Evacuation Pause) 192M->144M(1024M) 6.829ms
[2024-02-07T17:19:09.593+0000][gc,cpu      ] GC(7) User=0.01s Sys=0.00s Real=0.01s
[2024-02-07T17:23:04.739+0000][gc,start    ] GC(8) Pause Young (Mixed) (G1 Evacuation Pause)
[2024-02-07T17:23:04.739+0000][gc,task     ] GC(8) Using 2 workers of 2 for evacuation
[2024-02-07T17:23:04.749+0000][gc,phases   ] GC(8)   Pre Evacuate Collection Set: 0.2ms
[2024-02-07T17:23:04.749+0000][gc,phases   ] GC(8)   Merge Heap Roots: 0.1ms
[2024-02-07T17:23:04.749+0000][gc,phases   ] GC(8)   Evacuate Collection Set: 8.7ms
[2024-02-07T17:23:04.749+0000][gc,phases   ] GC(8)   Post Evacuate Collection Set: 0.5ms
[2024-02-07T17:23:04.749+0000][gc,phases   ] GC(8)   Other: 0.1ms
[2024-02-07T17:23:04.749+0000][gc,heap     ] GC(8) Eden regions: 48->0(47)
[2024-02-07T17:23:04.749+0000][gc,heap     ] GC(8) Survivor regions: 3->4(7)
[2024-02-07T17:23:04.749+0000][gc,heap     ] GC(8) Old regions: 14->14
[2024-02-07T17:23:04.749+0000][gc,heap     ] GC(8) Humongous regions: 129->129
[2024-02-07T17:23:04.749+0000][gc,metaspace] GC(8) Metaspace: 39279K(39744K)->39279K(39744K) NonClass: 34739K(35008K)->34739K(35008K) Class: 4539K(4736K)->4539K(4736K)
[2024-02-07T17:23:04.749+0000][gc          ] GC(8) Pause Young (Mixed) (G1 Evacuation Pause) 192M->145M(1024M) 9.855ms
[2024-02-07T17:23:04.749+0000][gc,cpu      ] GC(8) User=0.01s Sys=0.00s Real=0.01s
[2024-02-07T17:37:32.980+0000][gc,start    ] GC(9) Pause Young (Normal) (G1 Evacuation Pause)
[2024-02-07T17:37:32.980+0000][gc,task     ] GC(9) Using 2 workers of 2 for evacuation
[2024-02-07T17:37:32.988+0000][gc,phases   ] GC(9)   Pre Evacuate Collection Set: 0.2ms
[2024-02-07T17:37:32.988+0000][gc,phases   ] GC(9)   Merge Heap Roots: 0.1ms
[2024-02-07T17:37:32.988+0000][gc,phases   ] GC(9)   Evacuate Collection Set: 7.3ms
[2024-02-07T17:37:32.988+0000][gc,phases   ] GC(9)   Post Evacuate Collection Set: 0.5ms
[2024-02-07T17:37:32.988+0000][gc,phases   ] GC(9)   Other: 0.1ms
[2024-02-07T17:37:32.988+0000][gc,heap     ] GC(9) Eden regions: 47->0(47)
[2024-02-07T17:37:32.988+0000][gc,heap     ] GC(9) Survivor regions: 4->4(7)
[2024-02-07T17:37:32.988+0000][gc,heap     ] GC(9) Old regions: 14->14
[2024-02-07T17:37:32.988+0000][gc,heap     ] GC(9) Humongous regions: 129->129
[2024-02-07T17:37:32.988+0000][gc,metaspace] GC(9) Metaspace: 39487K(40000K)->39487K(40000K) NonClass: 34935K(35200K)->34935K(35200K) Class: 4551K(4800K)->4551K(4800K)
[2024-02-07T17:37:32.988+0000][gc          ] GC(9) Pause Young (Normal) (G1 Evacuation Pause) 192M->146M(1024M) 8.481ms
[2024-02-07T17:37:32.988+0000][gc,cpu      ] GC(9) User=0.01s Sys=0.00s Real=0.00s
[2024-02-07T17:47:02.980+0000][gc,start    ] GC(10) Pause Young (Normal) (G1 Evacuation Pause)
[2024-02-07T17:47:02.980+0000][gc,task     ] GC(10) Using 2 workers of 2 for evacuation
[2024-02-07T17:47:02.987+0000][gc,phases   ] GC(10)   Pre Evacuate Collection Set: 0.1ms
[2024-02-07T17:47:02.987+0000][gc,phases   ] GC(10)   Merge Heap Roots: 0.1ms
[2024-02-07T17:47:02.987+0000][gc,phases   ] GC(10)   Evacuate Collection Set: 6.7ms
[2024-02-07T17:47:02.988+0000][gc,phases   ] GC(10)   Post Evacuate Collection Set: 0.5ms
[2024-02-07T17:47:02.988+0000][gc,phases   ] GC(10)   Other: 0.1ms
[2024-02-07T17:47:02.988+0000][gc,heap     ] GC(10) Eden regions: 47->0(46)
[2024-02-07T17:47:02.988+0000][gc,heap     ] GC(10) Survivor regions: 4->5(7)
[2024-02-07T17:47:02.988+0000][gc,heap     ] GC(10) Old regions: 14->14
[2024-02-07T17:47:02.988+0000][gc,heap     ] GC(10) Humongous regions: 129->129
[2024-02-07T17:47:02.988+0000][gc,metaspace] GC(10) Metaspace: 39627K(40128K)->39627K(40128K) NonClass: 35069K(35328K)->35069K(35328K) Class: 4558K(4800K)->4558K(4800K)
[2024-02-07T17:47:02.988+0000][gc          ] GC(10) Pause Young (Normal) (G1 Evacuation Pause) 193M->147M(1024M) 7.756ms
[2024-02-07T17:47:02.988+0000][gc,cpu      ] GC(10) User=0.00s Sys=0.00s Real=0.00s
[2024-02-07T17:57:47.974+0000][gc,start    ] GC(11) Pause Young (Normal) (G1 Evacuation Pause)
[2024-02-07T17:57:47.974+0000][gc,task     ] GC(11) Using 2 workers of 2 for evacuation
[2024-02-07T17:57:47.986+0000][gc,phases   ] GC(11)   Pre Evacuate Collection Set: 0.2ms
[2024-02-07T17:57:47.986+0000][gc,phases   ] GC(11)   Merge Heap Roots: 0.1ms
[2024-02-07T17:57:47.986+0000][gc,phases   ] GC(11)   Evacuate Collection Set: 10.9ms
[2024-02-07T17:57:47.986+0000][gc,phases   ] GC(11)   Post Evacuate Collection Set: 0.5ms
[2024-02-07T17:57:47.986+0000][gc,phases   ] GC(11)   Other: 0.2ms
[2024-02-07T17:57:47.986+0000][gc,heap     ] GC(11) Eden regions: 46->0(47)
[2024-02-07T17:57:47.986+0000][gc,heap     ] GC(11) Survivor regions: 5->4(7)
[2024-02-07T17:57:47.986+0000][gc,heap     ] GC(11) Old regions: 14->15
[2024-02-07T17:57:47.986+0000][gc,heap     ] GC(11) Humongous regions: 129->129
[2024-02-07T17:57:47.986+0000][gc,metaspace] GC(11) Metaspace: 40250K(40768K)->40250K(40768K) NonClass: 35572K(35904K)->35572K(35904K) Class: 4677K(4864K)->4677K(4864K)
[2024-02-07T17:57:47.986+0000][gc          ] GC(11) Pause Young (Normal) (G1 Evacuation Pause) 193M->147M(1024M) 12.878ms
[2024-02-07T17:57:47.986+0000][gc,cpu      ] GC(11) User=0.02s Sys=0.00s Real=0.01s
[2024-02-07T17:57:48.001+0000][gc,heap,exit] Heap
[2024-02-07T17:57:48.001+0000][gc,heap,exit]  garbage-first heap   total 1048576K, used 153473K [0x00000000c0000000, 0x0000000100000000)
[2024-02-07T17:57:48.001+0000][gc,heap,exit]   region size 1024K, 7 young (7168K), 4 survivors (4096K)
[2024-02-07T17:57:48.001+0000][gc,heap,exit]  Metaspace       used 40270K, committed 40768K, reserved 1114112K
[2024-02-07T17:57:48.002+0000][gc,heap,exit]   class space    used 4683K, committed 4864K, reserved 1048576K
